// Vitest Snapshot v1, https://vitest.dev/guide/snapshot.html

exports[`the assembled permission policy > grants event roles exactly these permissions 1`] = `
{
  "COORDINATOR": [
    "event.duties.create",
    "event.duties.delete",
    "event.duties.edit",
    "event.duties.view",
    "event.duty_assignments.create",
    "event.duty_assignments.delete",
    "event.duty_assignments.edit",
    "event.duty_assignments.view",
    "event.edit",
    "event.files.create",
    "event.files.delete",
    "event.files.edit",
    "event.files.view",
    "event.managers.view",
    "event.message_templates.create",
    "event.message_templates.delete",
    "event.message_templates.edit",
    "event.message_templates.view",
    "event.messages.create",
    "event.messages.delete",
    "event.messages.view",
    "event.program_items.create",
    "event.program_items.delete",
    "event.program_items.update",
    "event.program_items.view",
    "event.registrations.create",
    "event.registrations.delete",
    "event.registrations.edit",
    "event.registrations.view",
    "event.rooms.beds.create",
    "event.rooms.beds.delete",
    "event.rooms.beds.edit",
    "event.rooms.create",
    "event.rooms.delete",
    "event.rooms.edit",
    "event.rooms.view",
    "event.table_templates.create",
    "event.table_templates.delete",
    "event.table_templates.edit",
    "event.table_templates.view",
    "event.tasks.create",
    "event.tasks.delete",
    "event.tasks.update",
    "event.tasks.view",
    "event.view",
  ],
  "COUNSELOR": [
    "event.duties.create",
    "event.duties.delete",
    "event.duties.edit",
    "event.duties.view",
    "event.duty_assignments.create",
    "event.duty_assignments.delete",
    "event.duty_assignments.edit",
    "event.duty_assignments.view",
    "event.files.view",
    "event.managers.view",
    "event.message_templates.view",
    "event.program_items.create",
    "event.program_items.delete",
    "event.program_items.update",
    "event.program_items.view",
    "event.registrations.create",
    "event.registrations.view",
    "event.rooms.beds.edit",
    "event.rooms.view",
    "event.table_templates.view",
    "event.tasks.create",
    "event.tasks.delete",
    "event.tasks.update",
    "event.tasks.view",
    "event.view",
  ],
  "DIRECTOR": [
    "event.delete",
    "event.duties.create",
    "event.duties.delete",
    "event.duties.edit",
    "event.duties.view",
    "event.duty_assignments.create",
    "event.duty_assignments.delete",
    "event.duty_assignments.edit",
    "event.duty_assignments.view",
    "event.edit",
    "event.files.create",
    "event.files.delete",
    "event.files.edit",
    "event.files.view",
    "event.managers.create",
    "event.managers.delete",
    "event.managers.edit",
    "event.managers.view",
    "event.message_templates.create",
    "event.message_templates.delete",
    "event.message_templates.edit",
    "event.message_templates.view",
    "event.messages.create",
    "event.messages.delete",
    "event.messages.view",
    "event.program_items.create",
    "event.program_items.delete",
    "event.program_items.update",
    "event.program_items.view",
    "event.registrations.create",
    "event.registrations.delete",
    "event.registrations.edit",
    "event.registrations.view",
    "event.rooms.beds.create",
    "event.rooms.beds.delete",
    "event.rooms.beds.edit",
    "event.rooms.create",
    "event.rooms.delete",
    "event.rooms.edit",
    "event.rooms.view",
    "event.table_templates.create",
    "event.table_templates.delete",
    "event.table_templates.edit",
    "event.table_templates.view",
    "event.tasks.create",
    "event.tasks.delete",
    "event.tasks.update",
    "event.tasks.view",
    "event.view",
  ],
  "VIEWER": [
    "event.duties.view",
    "event.duty_assignments.view",
    "event.files.view",
    "event.managers.view",
    "event.program_items.view",
    "event.registrations.view",
    "event.rooms.view",
    "event.table_templates.view",
    "event.tasks.view",
    "event.view",
  ],
}
`;

exports[`the assembled permission policy > grants newsletter roles exactly these permissions 1`] = `
{
  "EDITOR": [
    "newsletter.edit",
    "newsletter.managers.view",
    "newsletter.messages.create",
    "newsletter.messages.delete",
    "newsletter.messages.view",
    "newsletter.subscribers.create",
    "newsletter.subscribers.delete",
    "newsletter.subscribers.view",
    "newsletter.view",
  ],
  "OWNER": [
    "newsletter.delete",
    "newsletter.edit",
    "newsletter.managers.create",
    "newsletter.managers.delete",
    "newsletter.managers.view",
    "newsletter.messages.create",
    "newsletter.messages.delete",
    "newsletter.messages.view",
    "newsletter.subscribers.create",
    "newsletter.subscribers.delete",
    "newsletter.subscribers.view",
    "newsletter.view",
  ],
  "VIEWER": [
    "newsletter.messages.view",
    "newsletter.subscribers.view",
    "newsletter.view",
  ],
}
`;

exports[`the assembled permission policy > grants organization roles exactly these permissions 1`] = `
{
  "ADMIN": [
    "organization.delete",
    "organization.edit",
    "organization.events.create",
    "organization.events.view",
    "organization.members.create",
    "organization.members.delete",
    "organization.members.edit",
    "organization.members.view",
    "organization.newsletters.create",
    "organization.newsletters.view",
    "organization.view",
  ],
  "MEMBER": [
    "organization.events.create",
    "organization.members.view",
    "organization.view",
  ],
}
`;
