// Vitest Snapshot v1, https://vitest.dev/guide/snapshot.html

exports[`the assembled permission policy > grants camp roles exactly these permissions 1`] = `
{
  "COORDINATOR": [
    "camp.edit",
    "camp.files.create",
    "camp.files.delete",
    "camp.files.edit",
    "camp.files.view",
    "camp.managers.view",
    "camp.message_templates.create",
    "camp.message_templates.delete",
    "camp.message_templates.edit",
    "camp.message_templates.view",
    "camp.messages.create",
    "camp.messages.delete",
    "camp.messages.view",
    "camp.program_events.create",
    "camp.program_events.delete",
    "camp.program_events.update",
    "camp.program_events.view",
    "camp.registrations.create",
    "camp.registrations.delete",
    "camp.registrations.edit",
    "camp.registrations.view",
    "camp.rooms.beds.create",
    "camp.rooms.beds.delete",
    "camp.rooms.beds.edit",
    "camp.rooms.create",
    "camp.rooms.delete",
    "camp.rooms.edit",
    "camp.rooms.view",
    "camp.table_templates.create",
    "camp.table_templates.delete",
    "camp.table_templates.edit",
    "camp.table_templates.view",
    "camp.tasks.create",
    "camp.tasks.delete",
    "camp.tasks.update",
    "camp.tasks.view",
    "camp.view",
  ],
  "COUNSELOR": [
    "camp.files.view",
    "camp.managers.view",
    "camp.message_templates.view",
    "camp.program_events.create",
    "camp.program_events.delete",
    "camp.program_events.update",
    "camp.program_events.view",
    "camp.registrations.create",
    "camp.registrations.view",
    "camp.rooms.beds.edit",
    "camp.rooms.view",
    "camp.table_templates.view",
    "camp.tasks.create",
    "camp.tasks.delete",
    "camp.tasks.update",
    "camp.tasks.view",
    "camp.view",
  ],
  "DIRECTOR": [
    "camp.delete",
    "camp.edit",
    "camp.files.create",
    "camp.files.delete",
    "camp.files.edit",
    "camp.files.view",
    "camp.managers.create",
    "camp.managers.delete",
    "camp.managers.edit",
    "camp.managers.view",
    "camp.message_templates.create",
    "camp.message_templates.delete",
    "camp.message_templates.edit",
    "camp.message_templates.view",
    "camp.messages.create",
    "camp.messages.delete",
    "camp.messages.view",
    "camp.program_events.create",
    "camp.program_events.delete",
    "camp.program_events.update",
    "camp.program_events.view",
    "camp.registrations.create",
    "camp.registrations.delete",
    "camp.registrations.edit",
    "camp.registrations.view",
    "camp.rooms.beds.create",
    "camp.rooms.beds.delete",
    "camp.rooms.beds.edit",
    "camp.rooms.create",
    "camp.rooms.delete",
    "camp.rooms.edit",
    "camp.rooms.view",
    "camp.table_templates.create",
    "camp.table_templates.delete",
    "camp.table_templates.edit",
    "camp.table_templates.view",
    "camp.tasks.create",
    "camp.tasks.delete",
    "camp.tasks.update",
    "camp.tasks.view",
    "camp.view",
  ],
  "VIEWER": [
    "camp.files.view",
    "camp.program_events.view",
    "camp.registrations.view",
    "camp.rooms.view",
    "camp.table_templates.view",
    "camp.tasks.view",
    "camp.view",
  ],
}
`;

exports[`the assembled permission policy > grants newsletter roles exactly these permissions 1`] = `
{
  "EDITOR": [
    "newsletter.edit",
    "newsletter.managers.view",
    "newsletter.messages.create",
    "newsletter.messages.delete",
    "newsletter.messages.view",
    "newsletter.subscribers.create",
    "newsletter.subscribers.delete",
    "newsletter.subscribers.view",
    "newsletter.view",
  ],
  "OWNER": [
    "newsletter.delete",
    "newsletter.edit",
    "newsletter.managers.create",
    "newsletter.managers.delete",
    "newsletter.managers.view",
    "newsletter.messages.create",
    "newsletter.messages.delete",
    "newsletter.messages.view",
    "newsletter.subscribers.create",
    "newsletter.subscribers.delete",
    "newsletter.subscribers.view",
    "newsletter.view",
  ],
  "VIEWER": [
    "newsletter.messages.view",
    "newsletter.subscribers.view",
    "newsletter.view",
  ],
}
`;

exports[`the assembled permission policy > grants organization roles exactly these permissions 1`] = `
{
  "ADMIN": [
    "organization.camps.create",
    "organization.camps.view",
    "organization.delete",
    "organization.edit",
    "organization.members.create",
    "organization.members.delete",
    "organization.members.edit",
    "organization.members.view",
    "organization.newsletters.create",
    "organization.newsletters.view",
    "organization.view",
  ],
  "MEMBER": [
    "organization.camps.create",
    "organization.members.view",
    "organization.view",
  ],
}
`;
